2021-12-16 15:53:26 Thursday, 18.483664705882354, 39947.77
2021-12-16 15:53:31 Thursday, 18.484564705882356, 39946.24
2021-12-16 15:53:36 Thursday, 18.48349411764706, 39948.06
2021-12-16 15:53:41 Thursday, 18.483017647058823, 39948.87
2021-12-16 15:53:46 Thursday, 18.482088235294118, 39950.45
2021-12-16 15:53:51 Thursday, 18.48259411764706, 39949.59
2021-12-16 15:53:56 Thursday, 18.48153529411765, 39951.39
2021-12-16 15:54:01 Thursday, 18.483188235294115, 39948.58
2021-12-16 15:54:06 Thursday, 18.483452941176473, 39948.13
2021-12-16 15:54:11 Thursday, 18.48279411764706, 39949.25
2021-12-16 15:54:16 Thursday, 18.482535294117646, 39949.69
2021-12-16 15:54:21 Thursday, 18.48425882352941, 39946.76
